--- Terminal on COM3 | 921600 8-N-1
--- Available filters and text transformations: colorize, debug, default, direct, hexlify, log2file, nocontrol, printable, send_on_enter, time
--- More details at https://bit.ly/pio-monitor-filters
--- Quit: Ctrl+C | Menu: Ctrl+T | Help: Ctrl+T followed by Ctrl+H
´┐¢´┐¢ÔÉÇ´┐¢ÔÉÇ´┐¢´┐¢´┐¢ÔÉÇ´┐¢ÔÉÇÔÉÇÔÉÇ´┐¢ÔÉÇ´┐¢´┐¢´┐¢´┐¢´┐¢ÔÉÇ´┐¢´┐¢ÔÉÇÔÉÇÔÉÇÔÉÇÔÉÇ´┐¢ÔÉÇÔÉÇÔÉÇÔÉÇÔÉÇÔÉÇÔÉÇÔÉÇÔÉÇ´┐¢ÔÉÇÔÉÇ´┐¢ÔÉÇÔÉÇÔÉÇÔÉÇ´┐¢ÔÉÇÔÉÇÔÉÇÔÉÇÔÉÇÔÉÇ´┐¢ÔÉÇÔÉÇÔÉÇÔÉÇ´┐¢ÔÉÇÔÉÇÔÉÇ´┐¢ÔÉÇÔÉÇ´┐¢ÔÉÇÔÉÇ´┐¢ÔÉÇ´┐¢´┐¢ÔÉÇÔÉÇ´┐¢ÔÉÇ´┐¢´┐¢ÔÉÇÔÉÇ´┐¢ÔÉÇÔÉÇÔÉÇ´┐¢´┐¢ÔÉÇ´┐¢ÔÉÇ´┐¢´┐¢ÔÉÇ´┐¢ÔÉÇÔÉÇÔÉÇÔÉÇ´┐¢´┐¢ÔÉÇÔÉÇÔÉÇÔÉÇÔÉÇ´┐¢ÔÉÇÔÉÇ´┐¢´┐¢´┐¢ÔÉÇ´┐¢´┐¢´┐¢´┐¢´┐¢´┐¢´┐¢ÔÉÇ´┐¢ÔÉÇÔÉÇ´┐¢´┐¢´┐¢ÔÉÇ´┐¢ÔÉÇÔÉÇ´┐¢´┐¢´┐¢´┐¢ÔÉÇÔÉÇ´┐¢´┐¢´┐¢´┐¢ÔÉÇ´┐¢´┐¢ÔÉÇ´┐¢´┐¢´┐¢´┐¢ÔÉÇ´┐¢ÔÉÇ´┐¢´┐¢´┐¢´┐¢ÔÉÇ´┐¢ÔÉÇÔÉÇ´┐¢ÔÉÇÔÉÇÔÉÇ´┐¢´┐¢´┐¢´┐¢´┐¢´┐¢´┐¢ÔÉÇ´┐¢´┐¢ÔÉÇ´┐¢ÔÉÇÔÉÇÔÉÇÔÉÇ´┐¢´┐¢ÔÉÇÔÉÇ´┐¢ÔÉÇÔÉÇÔÉÇÔÉÇÔÉÇ´┐¢ÔÉÇ´┐¢ÔÉÇ´┐¢´┐¢ÔÉÇ´┐¢´┐¢´┐¢ÔÉÇÔÉÇ´┐¢´┐¢´┐¢´┐¢ÔÉÇÔÉÇ´┐¢´┐¢ÔÉÇ´┐¢´┐¢ÔÉÇ´┐¢´┐¢ÔÉÇ´┐¢´┐¢´┐¢´┐¢´┐¢´┐¢ÔÉÇÔÉÇ´┐¢ÔÉÇÔÉÇ´┐¢´┐¢ÔÉÇ´┐¢´┐¢ÔÉÇ´┐¢´┐¢ÔÉÇÔÉÇ´┐¢´┐¢´┐¢´┐¢ÔÉÇÔÉÇ´┐¢´┐¢ÔÉÇ´┐¢´┐¢ÔÉÇ´┐¢ÔÉÇ´┐¢´┐¢´┐¢´┐¢ÔÉÇ´┐¢ÔÉÇ´┐¢´┐¢ÔÉÇÔÉÇ´┐¢ÔÉÇ´┐¢ÔÉÇ´┐¢´┐¢´┐¢´┐¢ÔÉÇ´┐¢´┐¢ÔÉÇÔÉÇ´┐¢´┐¢ÔÉÇ´┐¢´┐¢´┐¢ÔÉÇ´┐¢´┐¢ÔÉÇ´┐¢´┐¢ÔÉÇ´┐¢´┐¢ÔÉÇ´┐¢ÔÉÇ´┐¢ÔÉÇÔÉÇÔÉÇÔÉÇÔÉÇÔÉÇ´┐¢ÔÉÇÔÉÇÔÉÇ´┐¢ÔÉÇ´┐¢´┐¢ÔÉÇ´┐¢´┐¢´┐¢ÔÉÇÔÉÇ´┐¢´┐¢´┐¢´┐¢´┐¢ÔÉÇ´┐¢´┐¢ÔÉÇ´┐¢ÔÉÇÔÉÇÔÉÇÔÉÇ´┐¢´┐¢´┐¢ÔÉÇ´┐¢´┐¢´┐¢ÔÉÇ´┐¢´┐¢´┐¢ÔÉÇÔÉÇ´┐¢ÔÉÇ´┐¢ÔÉÇ´┐¢ÔÉÇ´┐¢´┐¢´┐¢´┐¢´┐¢´┐¢´┐¢´┐¢´┐¢ÔÉÇÔÉÇ´┐¢ÔÉÇÔÉÇ´┐¢ÔÉÇ´┐¢´┐¢ÔÉÇ´┐¢ÔÉÇÔÉÇÔÉÇÔÉÇ´┐¢ÔÉÇÔÉÇÔÉÇÔÉÇÔÉÇ´┐¢ÔÉÇ´┐¢ÔÉÇ´┐¢´┐¢´┐¢´┐¢ÔÉÇÔÉÇ´┐¢ÔÉÇÔÉÇ´┐¢ÔÉÇ´┐¢´┐¢ÔÉÇ´┐¢ÔÉÇÔÉÇÔÉÇÔÉÇ´┐¢ÔÉÇÔÉÇÔÉÇÔÉÇÔÉÇ´┐¢ÔÉÇÔÉÇÔÉÇ´┐¢´┐¢´┐¢´┐¢ÔÉÇÔÉÇ´┐¢ÔÉÇÔÉÇ´┐¢ÔÉÇ´┐¢´┐¢ÔÉÇ´┐¢ÔÉÇÔÉÇÔÉÇÔÉÇ´┐¢ÔÉÇÔÉÇÔÉÇÔÉÇÔÉÇ´┐¢ÔÉÇ´┐¢ÔÉÇ´┐¢´┐¢ÔÉÇ´┐¢ÔÉÇÔÉÇ´┐¢´┐¢´┐¢ÔÉÇÔÉÇ´┐¢ÔÉÇÔÉÇ´┐¢ÔÉÇ´┐¢´┐¢ÔÉÇ´┐¢ÔÉÇÔÉÇÔÉÇÔÉÇ´┐¢ÔÉÇÔÉÇÔÉÇÔÉÇÔÉÇ´┐¢ÔÉÇÔÉÇ´┐¢´┐¢ÔÉÇÔÉÇ´┐¢´┐¢´┐¢´┐¢ÔÉÇÔÉÇ´┐¢ÔÉÇÔÉÇ´┐¢ÔÉÇ´┐¢´┐¢ÔÉÇ´┐¢ÔÉÇÔÉÇÔÉÇÔÉÇ´┐¢ÔÉÇÔÉÇÔÉÇÔÉÇÔÉÇ´┐¢ÔÉÇ´┐¢´┐¢´┐¢ÔÉÇ´┐¢´┐¢´┐¢´┐¢ÔÉÇÔÉÇ´┐¢ÔÉÇÔÉÇ´┐¢ÔÉÇ´┐¢´┐¢ÔÉÇ´┐¢ÔÉÇÔÉÇÔÉÇÔÉÇ´┐¢ÔÉÇÔÉÇÔÉÇÔÉÇ´┐¢´┐¢ÔÉÇÔÉÇ´┐¢ÔÉÇ´┐¢´┐¢´┐¢´┐¢´┐¢´┐¢´┐¢ÔÉÇÔÉÇ´┐¢´┐¢´┐¢ÔÉÇ´┐¢ÔÉÇ´┐¢ÔÉÇÔÉÇÔÉÇ´┐¢´┐¢ÔÉÇÔÉÇ´┐¢´┐¢ÔÉÇ´┐¢ÔÉÇ´┐¢ÔÉÇÔÉÇÔÉÇ´┐¢ÔÉÇ´┐¢ÔÉÇ´┐¢´┐¢´┐¢´┐¢´┐¢´┐¢ÔÉÇ´┐¢´┐¢´┐¢´┐¢´┐¢ÔÉÇÔÉÇÔÉÇÔÉÇ´┐¢´┐¢ÔÉÇ´┐¢´┐¢ÔÉÇ´┐¢´┐¢ÔÉÇ´┐¢ÔÉÇÔÉÇÔÉÇÔÉÇ´┐¢´┐¢ÔÉÇÔÉÇ´┐¢ÔÉÇÔÉÇ´┐¢´┐¢´┐¢´┐¢´┐¢´┐¢ÔÉÇ´┐¢ÔÉÇÔÉÇ´┐¢ÔÉÇ´┐¢ÔÉÇÔÉÇÔÉÇÔÉÇ´┐¢´┐¢ÔÉÇÔÉÇÔÉÇÔÉÇ´┐¢ÔÉÇÔÉÇ´┐¢ÔÉÇÔÉÇ´┐¢ÔÉÇÔÉÇÔÉÇÔÉÇ´┐¢ÔÉÇÔÉÇÔÉÇÔÉÇÔÉÇ´┐¢ÔÉÇÔÉÇ´┐¢´┐¢´┐¢´┐¢ÔÉÇ´┐¢ÔÉÇ´┐¢´┐¢ÔÉÇ´┐¢ÔÉÇ´┐¢ÔÉÇÔÉÇ´┐¢ÔÉÇÔÉÇÔÉÇÔÉÇÔÉÇ´┐¢ÔÉÇ´┐¢´┐¢ÔÉÇÔÉÇ´┐¢ÔÉÇÔÉÇ´┐¢´┐¢´┐¢´┐¢´┐¢´┐¢ÔÉÇ´┐¢ÔÉÇÔÉÇ´┐¢ÔÉÇ´┐¢ÔÉÇÔÉÇÔÉÇÔÉÇ´┐¢ÔÉÇ´┐¢ÔÉÇÔÉÇÔÉÇÔÉÇÔÉÇ´┐¢´┐¢ÔÉÇÔÉÇÔÉÇÔÉÇÔÉÇÔÉÇÔÉÇÔÉÇÔÉÇÔÉÇ´┐¢ÔÉÇÔÉÇ´┐¢´┐¢´┐¢´┐¢ÔÉÇ´┐¢ÔÉÇ´┐¢´┐¢ÔÉÇ´┐¢ÔÉÇ´┐¢ÔÉÇÔÉÇ´┐¢ÔÉÇÔÉÇÔÉÇÔÉÇÔÉÇ´┐¢ÔÉÇÔÉÇÔÉÇÔÉÇÔÉÇ´┐¢´┐¢ÔÉÇÔÉÇ´┐¢ÔÉÇÔÉÇ´┐¢´┐¢´┐¢´┐¢´┐¢´┐¢ÔÉÇ´┐¢ÔÉÇÔÉÇ´┐¢ÔÉÇ´┐¢ÔÉÇÔÉÇÔÉÇÔÉÇ´┐¢ÔÉÇ´┐¢ÔÉÇÔÉÇÔÉÇÔÉÇÔÉÇÔÉÇÔÉÇÔÉÇÔÉÇÔÉÇ´┐¢ÔÉÇÔÉÇÔÉÇÔÉÇÔÉÇÔÉÇ´┐¢ÔÉÇÔÉÇ´┐¢´┐¢´┐¢´┐¢ÔÉÇ´┐¢ÔÉÇ´┐¢´┐¢ÔÉÇ´┐¢ÔÉÇ´┐¢ÔÉÇÔÉÇÔÉÇÔÉÇÔÉÇÔÉÇÔÉÇÔÉÇÔÉÇ´┐¢´┐¢ÔÉÇÔÉÇ´┐¢ÔÉÇ´┐¢´┐¢ÔÉÇ´┐¢ÔÉÇ´┐¢´┐¢ÔÉÇ´┐¢´┐¢ÔÉÇÔÉÇ´┐¢´┐¢ÔÉÇ´┐¢ÔÉÇÔÉÇÔÉÇÔÉÇÔÉÇ´┐¢ÔÉÇ´┐¢ÔÉÇÔÉÇÔÉÇÔÉÇÔÉÇÔÉÇÔÉÇÔÉÇÔÉÇ´┐¢´┐¢´┐¢ÔÉÇ´┐¢´┐¢ÔÉÇ´┐¢ÔÉÇ´┐¢ÔÉÇ´┐¢´┐¢ÔÉÇÔÉÇ´┐¢ÔÉÇ
Piano calibration (48kHz) - ENTER starts capture.
BUILD_TAG=cal_v7_shift12_logspec_autoshift_taptrainer

FS=48000 N=4096 HOP=256 rows/secÔëê187.50
Models JSON: /models.json
Noise JSON:  /noise.json

Commands:
  <ENTER>            start recording current key
  start <idx>        jump to key index (0..84)
  start <label>      jump to key label (e.g. start G#1)
  redo               redo last recorded key (overwrite in /models.json)
  redo prev          redo key before last recorded
  noise              record 10s silence -> /noise.json
  noise show         show if /noise.json exists
  tap [n]            one-go tap trainer A0..A7, volume-based progress (default n=5)
  help               show this help

NEXT: key_idx=0 label=A0 ÔÇö press ENTER to record (or type help)
Commands:
  <ENTER>            start recording current key
  start <idx>        jump to key index (0..84)
  start <label>      jump to key label (e.g. start G#1)
  redo               redo last recorded key (overwrite in /models.json)
  redo prev          redo key before last recorded
  noise              record 10s silence -> /noise.json
  noise show         show if /noise.json exists
  tap [n]            one-go tap trainer A0..A7, volume-based progress (default n=5)
  help               show this help

NEXT: key_idx=0 label=A0 ÔÇö press ENTER to record (or type help)
NOISE_BEGIN {"type":"NOISE_BEGIN","ms":10000}
INSTRUCTIONS:
  - Stay silent for 10 seconds.
  - Do NOT touch the piano.

NOISE_END {"type":"NOISE_END","windows":536,"saved":true,"path":"/noise.json"}

NEXT: key_idx=0 label=A0 ÔÇö press ENTER to record (or type help)
TAP_BEGIN {"type":"TAP_BEGIN","reps":5}
TAP_BASE {"type":"TAP_BASE","mean":112.917,"std":13.067,"thr_on":191.317,"thr_off":152.117}
PLAY A0 ÔÇö 5 taps left
OK A0 ÔÇö 4 taps left
OK A0 ÔÇö 3 taps left
